21:32:03 **** Incremental Build of configuration Debug for project UART_Printf ****
make -j20 all 
arm-none-eabi-gcc "C:/Users/SanjayPatel/OneDrive - 4EST, Inc/Design_Reference/Embedded/STM32/IDE/STM32F4-series/STM32Cube_FW_F4_V1.28.0/Projects/STM32F401RE-Nucleo/Examples/UART/UART_Printf/Src/main.c" -mcpu=cortex-m4 -std=gnu11 -g3 -DDEBUG -DSTM32F401xE -DUSE_STM32F4XX_NUCLEO -DUSE_HAL_DRIVER -c -I../../Inc -I../../../../../../../Drivers/CMSIS/Device/ST/STM32F4xx/Include -I../../../../../../../Drivers/STM32F4xx_HAL_Driver/Inc -I../../../../../../../Drivers/BSP/STM32F4xx-Nucleo -I../../../../../../../Drivers/CMSIS/Include -O0 -ffunction-sections -fdata-sections -Wall -fstack-usage -fcyclomatic-complexity -MMD -MP -MF"Example/User/main.d" -MT"Example/User/main.o" --specs=nano.specs -mfpu=fpv4-sp-d16 -mfloat-abi=hard -mthumb -o "Example/User/main.o"
arm-none-eabi-gcc -o "UART_Printf.elf" @"objects.list"   -mcpu=cortex-m4 -T"C:\Users\SanjayPatel\OneDrive - 4EST, Inc\Design_Reference\Embedded\STM32\IDE\STM32F4-series\STM32Cube_FW_F4_V1.28.0\Projects\STM32F401RE-Nucleo\Examples\UART\UART_Printf\STM32CubeIDE\STM32F401RETX_FLASH.ld" --specs=nosys.specs -Wl,-Map="UART_Printf.map" -Wl,--gc-sections -static --specs=nano.specs -mfpu=fpv4-sp-d16 -mfloat-abi=hard -mthumb -Wl,--start-group -lc -lm -Wl,--end-group
Finished building target: UART_Printf.elf
 
arm-none-eabi-size  UART_Printf.elf 
arm-none-eabi-objdump -h -S UART_Printf.elf  > "UART_Printf.list"
   text	   data	    bss	    dec	    hex	filename
  12336	    116	   1980	  14432	   3860	UART_Printf.elf
Finished building: default.size.stdout
 
Finished building: UART_Printf.list
 
21:32:06 **** Incremental Build of configuration Debug for project UART_Printf ****
make -j20 all 
arm-none-eabi-size  UART_Printf.elf 
   text	   data	    bss	    dec	    hex	filename
  12336	    116	   1980	  14432	   3860	UART_Printf.elf
Finished building: default.size.stdout
 
16:31:41 **** Incremental Build of configuration Debug for project pwmOutput2_Tutorial ****
make -j20 all 
arm-none-eabi-size  pwmOutput2_Tutorial.elf 
   text	   data	    bss	    dec	    hex	filename
  11312	     20	   1740	  13072	   3310	pwmOutput2_Tutorial.elf
Finished building: default.size.stdout
 
